*** Using Compiler 'V5.06 update 6 (build 750)', folder: 'D:\Keil_v5\ARM\ARMCC\Bin'
Build target 'Target 1'
compiling auto_control.c...
compiling LED.c...
compiling key_scan.c...
compiling OLED.c...
compiling stepper_um244.c...
compiling water_depth.c...
compiling limit.c...
compiling wf5805f.c...
compiling homing.c...
compiling param_store.c...
compiling nap_scheduler.c...
compiling buzzer.c...
compiling self_test.c...
compiling position_tracker.c...
compiling app_state.c...
compiling menu.c...
linking...
Program Size: Code=34460 RO-data=1868 RW-data=344 ZI-data=2928
".\Objects\project1.axf" - 0 Error(s), 0 Warning(s).
Build Time Elapsed:  00:00:08
